[WebServer] (node:95264) Warning: The 'NO_COLOR' env is ignored due to the 'FORCE_COLOR' env being set.
[WebServer] (Use `node --trace-warnings ...` to show where the warning was created)

Running 6 tests using 3 workers

(node:95267) Warning: The 'NO_COLOR' env is ignored due to the 'FORCE_COLOR' env being set.
(Use `node --trace-warnings ...` to show where the warning was created)
(node:95269) Warning: The 'NO_COLOR' env is ignored due to the 'FORCE_COLOR' env being set.
(Use `node --trace-warnings ...` to show where the warning was created)
(node:95268) Warning: The 'NO_COLOR' env is ignored due to the 'FORCE_COLOR' env being set.
(Use `node --trace-warnings ...` to show where the warning was created)
  ✓  3 [chromium] › tests/briefing.spec.ts:35:1 › AI failures leave weather usable and expose an accessible retry (831ms)
  ✓  1 [chromium] › tests/briefing.spec.ts:43:1 › shows a saved briefing offline and never routes API navigation to the app shell (968ms)
  ✓  2 [chromium] › tests/briefing.spec.ts:11:1 › automatically shows a concise briefing, reuses it across navigation and respects units (1.2s)
(node:95283) Warning: The 'NO_COLOR' env is ignored due to the 'FORCE_COLOR' env being set.
(Use `node --trace-warnings ...` to show where the warning was created)
(node:95284) Warning: The 'NO_COLOR' env is ignored due to the 'FORCE_COLOR' env being set.
(Use `node --trace-warnings ...` to show where the warning was created)
(node:95285) Warning: The 'NO_COLOR' env is ignored due to the 'FORCE_COLOR' env being set.
(Use `node --trace-warnings ...` to show where the warning was created)
  ✓  5 [webkit] › tests/briefing.spec.ts:35:1 › AI failures leave weather usable and expose an accessible retry (1.6s)
  ✓  6 [webkit] › tests/briefing.spec.ts:43:1 › shows a saved briefing offline and never routes API navigation to the app shell (1.8s)
  ✓  4 [webkit] › tests/briefing.spec.ts:11:1 › automatically shows a concise briefing, reuses it across navigation and respects units (2.1s)

  6 passed (5.5s)
