
> 8-bit-weather@1.1.0 test:e2e
> playwright test tests/weather.spec.ts --grep sound|layout

[WebServer] (node:47197) Warning: The 'NO_COLOR' env is ignored due to the 'FORCE_COLOR' env being set.
[WebServer] (Use `node --trace-warnings ...` to show where the warning was created)

Running 10 tests using 3 workers

(node:47203) Warning: The 'NO_COLOR' env is ignored due to the 'FORCE_COLOR' env being set.
(Use `node --trace-warnings ...` to show where the warning was created)
(node:47204) Warning: The 'NO_COLOR' env is ignored due to the 'FORCE_COLOR' env being set.
(Use `node --trace-warnings ...` to show where the warning was created)
(node:47202) Warning: The 'NO_COLOR' env is ignored due to the 'FORCE_COLOR' env being set.
(Use `node --trace-warnings ...` to show where the warning was created)
  ✓   3 [chromium] › tests/weather.spec.ts:155:3 › layout fits 320px without clipped controls or page overflow (1.6s)
  ✓   1 [chromium] › tests/weather.spec.ts:155:3 › layout fits 390px without clipped controls or page overflow (1.6s)
  ✓   5 [chromium] › tests/weather.spec.ts:155:3 › layout fits 1280px without clipped controls or page overflow (919ms)
  ✓   2 [chromium] › tests/weather.spec.ts:100:1 › sound requires a tap, controls persist, and hidden pages suspend audio (2.6s)
  ✓   4 [chromium] › tests/weather.spec.ts:155:3 › layout fits 430px without clipped controls or page overflow (963ms)
(node:47223) Warning: The 'NO_COLOR' env is ignored due to the 'FORCE_COLOR' env being set.
(Use `node --trace-warnings ...` to show where the warning was created)
(node:47224) Warning: The 'NO_COLOR' env is ignored due to the 'FORCE_COLOR' env being set.
(Use `node --trace-warnings ...` to show where the warning was created)
(node:47225) Warning: The 'NO_COLOR' env is ignored due to the 'FORCE_COLOR' env being set.
(Use `node --trace-warnings ...` to show where the warning was created)
  ✓   8 [webkit] › tests/weather.spec.ts:155:3 › layout fits 390px without clipped controls or page overflow (1.9s)
  ✓   7 [webkit] › tests/weather.spec.ts:155:3 › layout fits 320px without clipped controls or page overflow (1.9s)
  ✓   6 [webkit] › tests/weather.spec.ts:100:1 › sound requires a tap, controls persist, and hidden pages suspend audio (2.8s)
  ✓  10 [webkit] › tests/weather.spec.ts:155:3 › layout fits 1280px without clipped controls or page overflow (1.1s)
  ✓   9 [webkit] › tests/weather.spec.ts:155:3 › layout fits 430px without clipped controls or page overflow (1.1s)

  10 passed (9.3s)
